unused: eseg$0$3
unused: global$UNUSEDTOP$2
unused: ignorable import
